[debug] [2026-07-25T19:09:24.255Z] ----------------------------------------------------------------------
[debug] [2026-07-25T19:09:24.257Z] Command:       C:\Program Files\nodejs\node.exe C:\Users\faris\AppData\Roaming\npm\node_modules\firebase-tools\lib\bin\firebase.js deploy --only hosting
[debug] [2026-07-25T19:09:24.258Z] CLI Version:   15.22.3
[debug] [2026-07-25T19:09:24.258Z] Platform:      win32
[debug] [2026-07-25T19:09:24.258Z] Node Version:  v24.15.0
[debug] [2026-07-25T19:09:24.258Z] Detected Agent: antigravity
[debug] [2026-07-25T19:09:24.258Z] Time:          Sat Jul 25 2026 22:09:24 GMT+0300 (Arabian Standard Time)
[debug] [2026-07-25T19:09:24.258Z] ----------------------------------------------------------------------
[debug] 
[debug] [2026-07-25T19:09:24.260Z] >>> [apiv2][query] GET https://firebase-public.firebaseio.com/cli.json [none]
[debug] [2026-07-25T19:09:28.811Z] > command requires scopes: ["email","openid","https://www.googleapis.com/auth/cloudplatformprojects.readonly","https://www.googleapis.com/auth/firebase","https://www.googleapis.com/auth/cloud-platform"]
[debug] [2026-07-25T19:09:28.811Z] > authorizing via signed-in user (farizpaachi@gmail.com)
[debug] [2026-07-25T19:09:28.811Z] [iam] checking project brothers-club-cheeral for permissions ["firebase.projects.get","firebasehosting.sites.update"]
[debug] [2026-07-25T19:09:28.812Z] Checked if tokens are valid: false, expires at: 1784919054104
[debug] [2026-07-25T19:09:28.813Z] Checked if tokens are valid: false, expires at: 1784919054104
[debug] [2026-07-25T19:09:28.813Z] > refreshing access token with scopes: []
[debug] [2026-07-25T19:09:28.814Z] >>> [apiv2][query] POST https://www.googleapis.com/oauth2/v3/token [none]
[debug] [2026-07-25T19:09:28.814Z] >>> [apiv2][body] POST https://www.googleapis.com/oauth2/v3/token [omitted]
[debug] [2026-07-25T19:09:29.127Z] <<< [apiv2][status] POST https://www.googleapis.com/oauth2/v3/token 200
[debug] [2026-07-25T19:09:29.127Z] <<< [apiv2][body] POST https://www.googleapis.com/oauth2/v3/token [omitted]
[debug] [2026-07-25T19:09:29.148Z] >>> [apiv2][query] POST https://cloudresourcemanager.googleapis.com/v1/projects/brothers-club-cheeral:testIamPermissions [none]
[debug] [2026-07-25T19:09:29.148Z] >>> [apiv2][(partial)header] POST https://cloudresourcemanager.googleapis.com/v1/projects/brothers-club-cheeral:testIamPermissions  x-goog-user-project=brothers-club-cheeral
[debug] [2026-07-25T19:09:29.148Z] >>> [apiv2][body] POST https://cloudresourcemanager.googleapis.com/v1/projects/brothers-club-cheeral:testIamPermissions {"permissions":["firebase.projects.get","firebasehosting.sites.update"]}
[debug] [2026-07-25T19:09:29.420Z] <<< [apiv2][status] GET https://firebase-public.firebaseio.com/cli.json 200
[debug] [2026-07-25T19:09:29.421Z] <<< [apiv2][body] GET https://firebase-public.firebaseio.com/cli.json {"cloudBuildErrorAfter":1594252800000,"cloudBuildWarnAfter":1590019200000,"defaultNode10After":1594252800000,"minVersion":"3.0.5","node8DeploysDisabledAfter":1613390400000,"node8RuntimeDisabledAfter":1615809600000,"node8WarnAfter":1600128000000}
[debug] [2026-07-25T19:09:29.527Z] <<< [apiv2][status] POST https://cloudresourcemanager.googleapis.com/v1/projects/brothers-club-cheeral:testIamPermissions 403
[debug] [2026-07-25T19:09:29.527Z] <<< [apiv2][body] POST https://cloudresourcemanager.googleapis.com/v1/projects/brothers-club-cheeral:testIamPermissions {"error":{"code":403,"message":"Caller does not have required permission to use project brothers-club-cheeral. Grant the caller the roles/serviceusage.serviceUsageConsumer role, or a custom role with the serviceusage.services.use permission, by visiting https://console.developers.google.com/iam-admin/iam?project=brothers-club-cheeral and then retry. Propagation of the new permission may take a few minutes.","status":"PERMISSION_DENIED","details":[{"@type":"type.googleapis.com/google.rpc.ErrorInfo","reason":"USER_PROJECT_DENIED","domain":"googleapis.com","metadata":{"consoleUrl":"https://console.developers.google.com/iam-admin/iam?project=brothers-club-cheeral","service":"cloudresourcemanager.googleapis.com","containerInfo":"brothers-club-cheeral","consumer":"projects/brothers-club-cheeral"}},{"@type":"type.googleapis.com/google.rpc.LocalizedMessage","locale":"en-US","message":"Caller does not have required permission to use project brothers-club-cheeral. Grant the caller the roles/serviceusage.serviceUsageConsumer role, or a custom role with the serviceusage.services.use permission, by visiting https://console.developers.google.com/iam-admin/iam?project=brothers-club-cheeral and then retry. Propagation of the new permission may take a few minutes."},{"@type":"type.googleapis.com/google.rpc.Help","links":[{"description":"Google developer console IAM admin","url":"https://console.developers.google.com/iam-admin/iam?project=brothers-club-cheeral"}]}]}}
[debug] [2026-07-25T19:09:29.527Z] [iam] error while checking permissions, command may fail: Request to https://cloudresourcemanager.googleapis.com/v1/projects/brothers-club-cheeral:testIamPermissions had HTTP Error: 403, Caller does not have required permission to use project brothers-club-cheeral. Grant the caller the roles/serviceusage.serviceUsageConsumer role, or a custom role with the serviceusage.services.use permission, by visiting https://console.developers.google.com/iam-admin/iam?project=brothers-club-cheeral and then retry. Propagation of the new permission may take a few minutes.
[debug] [2026-07-25T19:09:29.528Z] Checked if tokens are valid: true, expires at: 1785010168127
[debug] [2026-07-25T19:09:29.528Z] Checked if tokens are valid: true, expires at: 1785010168127
[debug] [2026-07-25T19:09:29.528Z] >>> [apiv2][query] GET https://firebase.googleapis.com/v1beta1/projects/brothers-club-cheeral [none]
[debug] [2026-07-25T19:09:30.049Z] <<< [apiv2][status] GET https://firebase.googleapis.com/v1beta1/projects/brothers-club-cheeral 403
[debug] [2026-07-25T19:09:30.049Z] <<< [apiv2][body] GET https://firebase.googleapis.com/v1beta1/projects/brothers-club-cheeral {"error":{"code":403,"message":"The caller does not have permission","status":"PERMISSION_DENIED"}}
[debug] [2026-07-25T19:09:30.049Z] Request to https://firebase.googleapis.com/v1beta1/projects/brothers-club-cheeral had HTTP Error: 403, The caller does not have permission
[debug] [2026-07-25T19:09:30.356Z] FirebaseError: Request to https://firebase.googleapis.com/v1beta1/projects/brothers-club-cheeral had HTTP Error: 403, The caller does not have permission
    at responseToError (C:\Users\faris\AppData\Roaming\npm\node_modules\firebase-tools\lib\responseToError.js:53:12)
    at RetryOperation._fn (C:\Users\faris\AppData\Roaming\npm\node_modules\firebase-tools\lib\apiv2.js:381:77)
    at process.processTicksAndRejections (node:internal/process/task_queues:104:5)
[error] 
[error] Error: Failed to get Firebase project brothers-club-cheeral. Please make sure the project exists and your account has permission to access it.
